<html>
<body>
<pre>
<h1>µVision Build Log</h1>
<h2>Tool Versions:</h2>
IDE-Version: µVision V5.43.1.0
Copyright (C) 2025 ARM Ltd and ARM Germany GmbH. All rights reserved.
License Information: Ho Li, HR Software Inc,., LIC=EPPLD-8NNU5-YD9K5-GJQFL-T35TE-LRMHI
 
Tool Versions:
Toolchain:       MDK-ARM Professional  Version: 5.43.0.0
Toolchain Path:  d:\Program Files\Arm\Keil_v5\ARM\ARMCLANG\Bin
C Compiler:      ArmClang.exe V6.24
Assembler:       Armasm.exe V6.24
Linker/Locator:  ArmLink.exe V6.24
Library Manager: ArmAr.exe V6.24
Hex Converter:   FromElf.exe V6.24
CPU DLL:         
Dialog DLL:      
Target DLL:      STLink\ST-LINKIII-KEIL_SWO.dll V3.3.1.0
Dialog DLL:      TCM.DLL V1.56.6.0
 
<h2>Project:</h2>
A:\DataCentre\Users\Jinhui\Projects\IDEs\Arm\Keil\Arm\Experiments\v15.0\STM32H563ZIT6\BlinkyLEDs\Projects\MDK-ARM\BlinkyLEDs.uvprojx
Project File Date:  04/25/2026

<h2>Output:</h2>
*** Using Compiler 'V6.24', folder: 'd:\Program Files\Arm\Keil_v5\ARM\ARMCLANG\Bin'
Rebuild target 'STM32H563ZITx'
assembling startup_stm32h563xx.s...
compiling stm32h5xx_it.c...
compiling system_stm32h5xx.c...
compiling stm32h5xx_hal_gpio.c...
compiling stm32h5xx_hal_cortex.c...
compiling stm32h5xx_hal.c...
compiling main.c...
../../Drivers/STM32H5xx_HAL_Driver/Src/stm32h5xx_hal_rcc.c(1754): warning: unused parameter 'Item' [-Wunused-parameter]
 1754 | void HAL_RCC_ConfigAttributes(uint32_t Item, uint32_t Attributes)
      |                                        ^
../../Drivers/STM32H5xx_HAL_Driver/Src/stm32h5xx_hal_rcc.c(1834): warning: unused parameter 'Item' [-Wunused-parameter]
 1834 | HAL_StatusTypeDef HAL_RCC_GetConfigAttributes(uint32_t Item, uint32_t *pAttributes)
      |                                                        ^
2 warnings generated.
compiling stm32h5xx_hal_rcc.c...
linking...
Program Size: Code=4060 RO-data=636 RW-data=12 ZI-data=1644  
FromELF: creating hex file...
"..\..\Output\BlinkyLEDs.axf" - 0 Error(s), 2 Warning(s).

<h2>Software Packages used:</h2>

Package Vendor: Keil
                https://www.keil.com/pack/Keil.STM32H5xx_DFP.1.2.0.pack
                Keil::STM32H5xx_DFP@1.2.0
                STMicroelectronics STM32H5 Series Device Support

<h2>Collection of Component include folders:</h2>
  D:/Program Files/Arm/Keil_v5/Packs/Keil/STM32H5xx_DFP/1.2.0/Drivers/CMSIS/Device/ST/STM32H5xx/Include

<h2>Collection of Component Files used:</h2>
Build Time Elapsed:  00:00:03
</pre>
</body>
</html>
