<html>
<body>
<pre>
<h1>µVision Build Log</h1>
<h2>Tool Versions:</h2>
IDE-Version: ¦ÌVision V5.38.0.0
Copyright (C) 2022 ARM Ltd and ARM Germany GmbH. All rights reserved.
License Information: Ho Li, HR Inc, LIC=FYKYW-QNDMP-UHX8H-W7JQQ-JMC3I-GU95A
 
Tool Versions:
Toolchain:       MDK-ARM Plus  Version: 5.38.0.0
Toolchain Path:  d:\Program Files\Arm\Keil_v5\ARM\ARMCLANG\Bin
C Compiler:      ArmClang.exe V6.19
Assembler:       Armasm.exe V6.19
Linker/Locator:  ArmLink.exe V6.19
Library Manager: ArmAr.exe V6.19
Hex Converter:   FromElf.exe V6.19
CPU DLL:         
Dialog DLL:      
Target DLL:      STLink\ST-LINKIII-KEIL_SWO.dll V3.1.0.0
Dialog DLL:      TCM.DLL V1.56.4.0
 
<h2>Project:</h2>
D:\Users\Jinhui\Documents\Projects\Arm\Keil\Arm\Experiments\v3.0\STM32H563ZITx\SystemTicks\SystemTicks.uvprojx
Project File Date:  11/22/2023

<h2>Output:</h2>
*** Using Compiler 'V6.19', folder: 'd:\Program Files\Arm\Keil_v5\ARM\ARMCLANG\Bin'
Rebuild target 'STM32H563ZITx'
compiling cache.c...
compiling stm32h5xx_hal_msp.c...
compiling main.c...
compiling usart.c...
compiling gpio.c...
compiling stm32h5xx_it.c...
assembling startup_stm32h563xx.s...
compiling delay.c...
compiling system_stm32h5xx.c...
compiling stm32h5xx_hal.c...
compiling stm32h5xx_hal_cortex.c...
compiling stm32h5xx_ll_utils.c...
compiling stm32h5xx_hal_gpio.c...
compiling stm32h5xx_hal_rcc.c...
linking...
Program Size: Code=2424 RO-data=620 RW-data=12 ZI-data=1640  
FromELF: creating hex file...
".\Compilations\SystemTicks.axf" - 0 Error(s), 0 Warning(s).

<h2>Software Packages used:</h2>

Package Vendor: Keil
                https://www.keil.com/pack/Keil.STM32H5xx_DFP.1.2.0.pack
                Keil.STM32H5xx_DFP.1.2.0
                STMicroelectronics STM32H5 Series Device Support

<h2>Collection of Component include folders:</h2>
  D:/Program Files/Arm/Keil_v5/Packs/Keil/STM32H5xx_DFP/1.2.0/Drivers/CMSIS/Device/ST/STM32H5xx/Include

<h2>Collection of Component Files used:</h2>
Build Time Elapsed:  00:00:03
</pre>
</body>
</html>
