<html>
<body>
<pre>
<h1>µVision Build Log</h1>
<h2>Tool Versions:</h2>
IDE-Version: µVision V5.41.0.0
Copyright (C) 2024 ARM Ltd and ARM Germany GmbH. All rights reserved.
License Information: Ho Li, HR Software Technology, LIC=TIVNB-25SWA-KPIZY-IFMP2-7GG9F-DF7I8
 
Tool Versions:
Toolchain:       MDK-ARM Plus  Version: 5.41.0.0
Toolchain Path:  d:\Program Files\Arm\Keil_v5\ARM\ARMCLANG\Bin
C Compiler:      ArmClang.exe V6.22
Assembler:       Armasm.exe V6.22
Linker/Locator:  ArmLink.exe V6.22
Library Manager: ArmAr.exe V6.22
Hex Converter:   FromElf.exe V6.22
CPU DLL:         
Dialog DLL:      
Target DLL:      STLink\ST-LINKIII-KEIL_SWO.dll V3.3.0.0
Dialog DLL:      TCM.DLL V1.56.4.0
 
<h2>Project:</h2>
Z:\Projects\IDEs\Keil\STM32\Experiments\v1.0\STM32H563ZITx\BlinkyLEDs\Projects\MDK-ARM\BlinkyLEDs.uvprojx
Project File Date:  01/18/2025

<h2>Output:</h2>
*** Using Compiler 'V6.22', folder: 'd:\Program Files\Arm\Keil_v5\ARM\ARMCLANG\Bin'
Rebuild target 'STM32H563ZITx'
assembling startup_stm32h563xx.s...
compiling stm32h5xx_it.c...
compiling main.c...
compiling system_stm32h5xx.c...
compiling stm32h5xx_hal_gpio.c...
compiling stm32h5xx_hal_cortex.c...
compiling stm32h5xx_hal.c...
compiling stm32h5xx_hal_rcc.c...
linking...
Program Size: Code=4476 RO-data=636 RW-data=12 ZI-data=1644  
FromELF: creating hex file...
"..\..\Output\BlinkyLEDs.axf" - 0 Error(s), 0 Warning(s).

<h2>Software Packages used:</h2>

Package Vendor: Keil
                https://www.keil.com/pack/Keil.STM32H5xx_DFP.1.2.0.pack
                Keil::STM32H5xx_DFP@1.2.0
                STMicroelectronics STM32H5 Series Device Support

<h2>Collection of Component include folders:</h2>
  D:/Program Files/Arm/Keil_v5/Packs/Keil/STM32H5xx_DFP/1.2.0/Drivers/CMSIS/Device/ST/STM32H5xx/Include

<h2>Collection of Component Files used:</h2>
Build Time Elapsed:  00:00:05
</pre>
</body>
</html>
