<html>
<body>
<pre>
<h1>�Vision Build Log</h1>
<h2>Tool Versions:</h2>
IDE-Version: ��Vision V5.39.0.0
Copyright (C) 2023 ARM Ltd and ARM Germany GmbH. All rights reserved.
License Information: Ho Li, HR Inc,., LIC=SDA0P-MZ6LR-LQV0Q-NAHMS-V8YHR-HRFX7
 
Tool Versions:
Toolchain:       MDK-ARM Plus  Version: 5.39.0.0
Toolchain Path:  D:\Programs\Arm\Keil_v5\ARM\ARMCLANG\Bin
C Compiler:      ArmClang.exe V6.21
Assembler:       Armasm.exe V6.21
Linker/Locator:  ArmLink.exe V6.21
Library Manager: ArmAr.exe V6.21
Hex Converter:   FromElf.exe V6.21
CPU DLL:         SARMCM3.DLL V5.39.0.0
Dialog DLL:      DCM.DLL V1.17.5.0
Target DLL:      STLink\ST-LINKIII-KEIL_SWO.dll V3.2.0.0
Dialog DLL:      TCM.DLL V1.56.4.0
 
<h2>Project:</h2>
Z:\DataCentre\Users\Jinhui\Projects\IDEs\Arm\Keil\Arm\Experiments\v7.0\STM32G474VET6\DualMotors\Projects\MDK-ARM\atk_g474.uvprojx
Project File Date:  01/23/2024

<h2>Output:</h2>
*** Using Compiler 'V6.21', folder: 'D:\Programs\Arm\Keil_v5\ARM\ARMCLANG\Bin'
Build target 'DC_MOTOR'
compiling led.c...
compiling key.c...
../../User/main.c(53): warning: illegal character encoding in string literal [-Winvalid-source-encoding]
   53 |     printf("KEY0<A3><BA><D4><F6><BC>ӱȽ<CF>ֵ<A3><AC>KEY1<A3><BA><BC><F5>С<B1>Ƚ<CF>ֵ<A3><AC>KEY2<A3><BA>ֹͣ<B5><E7><BB><FA>\r\n");
      |                 ^~~~~~~~~~~~~~~~~~~~  ~~~~~~~~~~~~    ~~~~~~~~~~~~~~~~ ~~~~ ~~~~~~~~~~~~    ~~~~~~~~~~~~~~~~~~~~~~~~
1 warning generated.
compiling main.c...
compiling spi.c...
compiling lcd.c...
linking...
Program Size: Code=19908 RO-data=19948 RW-data=20 ZI-data=13244  
FromELF: creating hex file...
"..\..\Output\atk_g474.axf" - 0 Error(s), 1 Warning(s).

<h2>Software Packages used:</h2>

Package Vendor: Keil
                https://www.keil.com/pack/Keil.STM32G4xx_DFP.1.5.0.pack
                Keil::STM32G4xx_DFP@1.5.0
                STMicroelectronics STM32G4 Series Device Support, Drivers and Examples

<h2>Collection of Component include folders:</h2>
  D:/Programs/Arm/Keil_v5/Packs/Keil/STM32G4xx_DFP/1.5.0/Drivers/CMSIS/Device/ST/STM32G4xx/Include

<h2>Collection of Component Files used:</h2>
Build Time Elapsed:  00:00:10
</pre>
</body>
</html>
