<html>
<body>
<pre>
<h1>µVision Build Log</h1>
<h2>Tool Versions:</h2>
IDE-Version: ¦ÌVision V5.38.0.0
Copyright (C) 2022 ARM Ltd and ARM Germany GmbH. All rights reserved.
License Information: Ho Li, HR Inc, LIC=FYKYW-QNDMP-UHX8H-W7JQQ-JMC3I-GU95A
 
Tool Versions:
Toolchain:       MDK-ARM Plus  Version: 5.38.0.0
Toolchain Path:  d:\Program Files\Arm\Keil_v5\ARM\ARMCLANG\Bin
C Compiler:      ArmClang.exe V6.19
Assembler:       Armasm.exe V6.19
Linker/Locator:  ArmLink.exe V6.19
Library Manager: ArmAr.exe V6.19
Hex Converter:   FromElf.exe V6.19
CPU DLL:         SARMCM3.DLL V5.38.0.0
Dialog DLL:      DCM.DLL V1.17.5.0
Target DLL:      Segger\JL2CM3.dll V2.99.42.0
Dialog DLL:      TCM.DLL V1.56.4.0
 
<h2>Project:</h2>
D:\Users\Jinhui\Documents\Projects\Arm\Keil\Arm\Experiments\V4.0\STM32H755ZIT6U\OLED\USER\OLED.uvprojx
Project File Date:  11/24/2023

<h2>Output:</h2>
*** Using Compiler 'V6.19', folder: 'd:\Program Files\Arm\Keil_v5\ARM\ARMCLANG\Bin'
Rebuild target 'OLED'
compiling stm32f4xx_it.c...
main.c(59): warning: passing 'char[16]' to parameter of type 'uint8_t *' (aka 'unsigned char *') converts between pointers to integer types where one is of the unique plain 'char' type and the other is not [-Wpointer-sign]
                OLED_ShowString(0,2,"0.96' OLED TEST");
                                    ^~~~~~~~~~~~~~~~~
../HARDWARE/OLED\oled.h(83): note: passing argument to parameter 'p' here
void OLED_ShowString(uint8_t x,uint8_t y, uint8_t *p);   
                                                   ^
main.c(60): warning: passing 'char[17]' to parameter of type 'uint8_t *' (aka 'unsigned char *') converts between pointers to integer types where one is of the unique plain 'char' type and the other is not [-Wpointer-sign]
                OLED_ShowString(0,4,"0123456789ABCDEF");
                                    ^~~~~~~~~~~~~~~~~~
../HARDWARE/OLED\oled.h(83): note: passing argument to parameter 'p' here
void OLED_ShowString(uint8_t x,uint8_t y, uint8_t *p);   
                                                   ^
main.c(63): warning: passing 'char[7]' to parameter of type 'uint8_t *' (aka 'unsigned char *') converts between pointers to integer types where one is of the unique plain 'char' type and the other is not [-Wpointer-sign]
                OLED_ShowString(0,6,"ASCII:");  
                                    ^~~~~~~~
../HARDWARE/OLED\oled.h(83): note: passing argument to parameter 'p' here
void OLED_ShowString(uint8_t x,uint8_t y, uint8_t *p);   
                                                   ^
main.c(64): warning: passing 'char[6]' to parameter of type 'uint8_t *' (aka 'unsigned char *') converts between pointers to integer types where one is of the unique plain 'char' type and the other is not [-Wpointer-sign]
                OLED_ShowString(63,6,"CODE:");  
                                     ^~~~~~~
../HARDWARE/OLED\oled.h(83): note: passing argument to parameter 'p' here
void OLED_ShowString(uint8_t x,uint8_t y, uint8_t *p);   
                                                   ^
4 warnings generated.
compiling main.c...
compiling system_stm32f4xx.c...
compiling led.c...
compiling delay.c...
compiling sys.c...
compiling oled.c...
assembling startup_stm32f40_41xxx.s...
compiling misc.c...
compiling stm32f4xx_gpio.c...
compiling stm32f4xx_usart.c...
compiling stm32f4xx_rcc.c...
compiling stm32f4xx_syscfg.c...
linking...
Program Size: Code=4904 RO-data=2020 RW-data=2500 ZI-data=1644  
FromELF: creating hex file...
"..\OBJ\OLED.axf" - 0 Error(s), 4 Warning(s).

<h2>Software Packages used:</h2>

Package Vendor: ARM
                http://www.keil.com/pack/ARM.CMSIS.5.9.0.pack
                ARM.CMSIS.5.9.0
                CMSIS (Common Microcontroller Software Interface Standard)
   * Component: CORE Version: 5.6.0

Package Vendor: Keil
                https://www.keil.com/pack/Keil.STM32F4xx_DFP.2.17.1.pack
                Keil.STM32F4xx_DFP.2.17.1
                STMicroelectronics STM32F4 Series Device Support, Drivers and Examples

<h2>Collection of Component include folders:</h2>
  ./RTE/_OLED
  D:/Program Files/Arm/Keil_v5/Packs/ARM/CMSIS/5.9.0/CMSIS/Core/Include
  D:/Program Files/Arm/Keil_v5/Packs/Keil/STM32F4xx_DFP/2.17.1/Drivers/CMSIS/Device/ST/STM32F4xx/Include

<h2>Collection of Component Files used:</h2>

   * Component: ARM::CMSIS:CORE:5.6.0
Build Time Elapsed:  00:00:01
</pre>
</body>
</html>
