<html>
<body>
<pre>
<h1>礦ision Build Log</h1>
<h2>Tool Versions:</h2>
IDE-Version: μVision V5.38.0.0
Copyright (C) 2022 ARM Ltd and ARM Germany GmbH. All rights reserved.
License Information: Ho Li, HR Inc, LIC=FYKYW-QNDMP-UHX8H-W7JQQ-JMC3I-GU95A
 
Tool Versions:
Toolchain:       MDK-ARM Plus  Version: 5.38.0.0
Toolchain Path:  d:\Program Files\Arm\Keil_v5\ARM\ARMCLANG\Bin
C Compiler:      ArmClang.exe V6.19
Assembler:       Armasm.exe V6.19
Linker/Locator:  ArmLink.exe V6.19
Library Manager: ArmAr.exe V6.19
Hex Converter:   FromElf.exe V6.19
CPU DLL:         SARMCM3.DLL V5.38.0.0
Dialog DLL:      DCM.DLL V1.17.5.0
Target DLL:      STLink\ST-LINKIII-KEIL_SWO.dll V3.1.0.0
Dialog DLL:      TCM.DLL V1.56.4.0
 
<h2>Project:</h2>
D:\Users\Jinhui\Documents\Projects\Arm\Keil\Arm\Experiments\V4.0\BrushlessMotor\UserAcceptanceTest\Projects\MDK-ARM\atk_g474.uvprojx
Project File Date:  11/21/2023

<h2>Output:</h2>
*** Using Compiler 'V6.19', folder: 'd:\Program Files\Arm\Keil_v5\ARM\ARMCLANG\Bin'
Rebuild target 'BLDC'
assembling startup_stm32g474xx.s...
compiling stm32g4xx_it.c...
../../User/main.c(53): warning: illegal character encoding in string literal [-Winvalid-source-encoding]
    printf("<B0><B4><CF><C2>KEY0 <BF><AA>始<D5><FD>转<BC><D3><CB><D9>\r\n");
            ^~~~~~~~~~~~~~~~     ~~~~~~~~ ~~~~~~~~ ~~~~~~~~~~~~~~~~
../../User/main.c(54): warning: illegal character encoding in string literal [-Winvalid-source-encoding]
    printf("<B0><B4><CF><C2>KEY1 <BF><AA>始<B7><B4>转<BC><D3><CB><D9>\r\n");
            ^~~~~~~~~~~~~~~~     ~~~~~~~~ ~~~~~~~~ ~~~~~~~~~~~~~~~~
../../User/main.c(55): warning: illegal character encoding in string literal [-Winvalid-source-encoding]
    printf("<B0><B4><CF><C2>KEY2 停止<B5><E7><BB><FA>\r\n");
            ^~~~~~~~~~~~~~~~     ~~~~~~~~~~~~~~~~
3 warnings generated.
compiling main.c...
compiling system_stm32g4xx.c...
compiling delay.c...
compiling sys.c...
compiling usart.c...
compiling stm32g4xx_hal.c...
compiling stm32g4xx_hal_cortex.c...
compiling stm32g4xx_hal_dma.c...
compiling stm32g4xx_hal_gpio.c...
compiling stm32g4xx_hal_rcc.c...
compiling stm32g4xx_hal_rcc_ex.c...
compiling stm32g4xx_hal_pwr.c...
compiling stm32g4xx_hal_pwr_ex.c...
compiling stm32g4xx_hal_usart.c...
compiling stm32g4xx_hal_dma_ex.c...
compiling stm32g4xx_hal_usart_ex.c...
compiling stm32g4xx_hal_uart.c...
compiling stm32g4xx_hal_uart_ex.c...
compiling stm32g4xx_hal_tim_ex.c...
compiling stm32g4xx_hal_spi.c...
compiling stm32g4xx_hal_spi_ex.c...
compiling stm32g4xx_hal_tim.c...
compiling led.c...
compiling key.c...
compiling spi.c...
compiling lcd.c...
compiling bldc_tim.c...
compiling bldc.c...
linking...
Program Size: Code=26196 RO-data=19948 RW-data=148 ZI-data=13300  
FromELF: creating hex file...
"..\..\Output\atk_g474.axf" - 0 Error(s), 3 Warning(s).

<h2>Software Packages used:</h2>

Package Vendor: Keil
                https://www.keil.com/pack/Keil.STM32G4xx_DFP.1.5.0.pack
                Keil.STM32G4xx_DFP.1.5.0
                STMicroelectronics STM32G4 Series Device Support, Drivers and Examples

<h2>Collection of Component include folders:</h2>
  D:/Program Files/Arm/Keil_v5/Packs/Keil/STM32G4xx_DFP/1.5.0/Drivers/CMSIS/Device/ST/STM32G4xx/Include

<h2>Collection of Component Files used:</h2>
Build Time Elapsed:  00:00:06
</pre>
</body>
</html>
