<html>
<body>
<pre>
<h1>µVision Build Log</h1>
<h2>Tool Versions:</h2>
IDE-Version: ¦ÌVision V5.39.0.0
Copyright (C) 2023 ARM Ltd and ARM Germany GmbH. All rights reserved.
License Information: Ho Li, HR Inc,., LIC=NHYH9-4I3E4-JP9ZQ-NFBTL-M13VV-U0P1A
 
Tool Versions:
Toolchain:       MDK-ARM Professional  Version: 5.39.0.0
Toolchain Path:  d:\Programs\Arm\Keil_v5\ARM\ARMCLANG\Bin
C Compiler:      ArmClang.exe V6.21
Assembler:       Armasm.exe V6.21
Linker/Locator:  ArmLink.exe V6.21
Library Manager: ArmAr.exe V6.21
Hex Converter:   FromElf.exe V6.21
CPU DLL:         SARMCM3.DLL V5.39.0.0
Dialog DLL:      DCM.DLL V1.17.5.0
Target DLL:      STLink\ST-LINKIII-KEIL_SWO.dll V3.2.0.0
Dialog DLL:      TCM.DLL V1.56.4.0
 
<h2>Project:</h2>
Z:\DataCentre\Users\Jinhui\Projects\IDEs\Arm\Keil\Arm\Experiments\v7.0\STM32G474VET6\BasicMotor\Projects\MDK-ARM\atk_g474.uvprojx
Project File Date:  01/23/2024

<h2>Output:</h2>
*** Using Compiler 'V6.21', folder: 'd:\Programs\Arm\Keil_v5\ARM\ARMCLANG\Bin'
Build target 'DC_MOTOR'
compiling dc_motor.c...
compiling led.c...
compiling main.c...
compiling key.c...
compiling spi.c...
compiling lcd.c...
compiling dcmotor_tim.c...
linking...
Program Size: Code=8664 RO-data=520 RW-data=16 ZI-data=1256  
FromELF: creating hex file...
"..\..\Output\atk_g474.axf" - 0 Error(s), 0 Warning(s).

<h2>Software Packages used:</h2>

Package Vendor: Keil
                https://www.keil.com/pack/Keil.STM32G4xx_DFP.1.5.0.pack
                Keil::STM32G4xx_DFP@1.5.0
                STMicroelectronics STM32G4 Series Device Support, Drivers and Examples

<h2>Collection of Component include folders:</h2>
  D:/Programs/Arm/Keil_v5/Packs/Keil/STM32G4xx_DFP/1.5.0/Drivers/CMSIS/Device/ST/STM32G4xx/Include

<h2>Collection of Component Files used:</h2>
Build Time Elapsed:  00:00:12
</pre>
</body>
</html>
